kotlin version: 2.2.10
error message: org.jetbrains.kotlin.backend.common.CompilationException: Back-end: Please report this problem https://kotl.in/issue
D:/Career/01. Career/Job/BCA Finance/Bootcamp/Bekal/Android/app/src/main/java/com/edwin/bekal/data/dto/CreateLoanApplicationRequest.kt:14:1
Problem with `@Serializable
@StabilityInferred(parameters = 0)
data class CreateLoanApplicationRequest {
  constructor(customer: IdRef, branch: IdRef, plafond: IdRef, amountRequested: BigDecimal, tenorMonths: Int, purpose: String? = null) /* primary */ {
    super/*Any*/()
    /* <init>() */

  }

  @Contextual
  val customer: IdRef
    field = customer
    get

  val branch: IdRef
    field = branch
    get

  val plafond: IdRef
    field = plafond
    get

  val amountRequested: BigDecimal
    field = amountRequested
    get

  val tenorMonths: Int
    field = tenorMonths
    get

  val purpose: String?
    field = purpose
    get

  companion object Companion {
    private constructor() /* primary */ {
      super/*Any*/()
      /* <init>() */

    }

    fun serializer(): KSerializer<CreateLoanApplicationRequest>

    /* fake */ override operator fun equals(other: Any?): Boolean

    /* fake */ override fun hashCode(): Int

    /* fake */ override fun toString(): String

  }

  @Deprecated(message = "This synthesized declaration should not be used directly", level = DeprecationLevel.HIDDEN)
  @StabilityInferred(parameters = 0)
  object $serializer : GeneratedSerializer<CreateLoanApplicationRequest> {
    private constructor() /* primary */ {
      super/*Any*/()
      /* <init>() */

    }

    override fun serialize(encoder: Encoder, value: CreateLoanApplicationRequest)

    override fun deserialize(decoder: Decoder): CreateLoanApplicationRequest

    override val descriptor: SerialDescriptor
      override get

    override fun childSerializers(): Array<KSerializer<*>>

    /* fake */ override fun typeParametersSerializers(): Array<KSerializer<*>>

    /* fake */ override operator fun equals(other: Any?): Boolean

    /* fake */ override fun hashCode(): Int

    /* fake */ override fun toString(): String

    /* static final field */ val $stable: Int = 8
  }

  operator fun component1(): IdRef {
    return <this>.#customer
  }

  operator fun component2(): IdRef {
    return <this>.#branch
  }

  operator fun component3(): IdRef {
    return <this>.#plafond
  }

  operator fun component4(): BigDecimal {
    return <this>.#amountRequested
  }

  operator fun component5(): Int {
    return <this>.#tenorMonths
  }

  operator fun component6(): String? {
    return <this>.#purpose
  }

  fun copy(customer: IdRef = <this>.#customer, branch: IdRef = <this>.#branch, plafond: IdRef = <this>.#plafond, amountRequested: BigDecimal = <this>.#amountRequested, tenorMonths: Int = <this>.#tenorMonths, purpose: String? = <this>.#purpose): CreateLoanApplicationRequest {
    return CreateLoanApplicationRequest(customer = customer, branch = branch, plafond = plafond, amountRequested = amountRequested, tenorMonths = tenorMonths, purpose = purpose)
  }

  override fun toString(): String {
    return "CreateLoanApplicationRequest(" + "customer=" + <this>.#customer + ", " + "branch=" + <this>.#branch + ", " + "plafond=" + <this>.#plafond + ", " + "amountRequested=" + <this>.#amountRequested + ", " + "tenorMonths=" + <this>.#tenorMonths + ", " + "purpose=" + <this>.#purpose + ")"
  }

  override fun hashCode(): Int {
    var result: Int = <this>.#customer.hashCode()
    result = result.times(other = 31).plus(other = <this>.#branch.hashCode())
    result = result.times(other = 31).plus(other = <this>.#plafond.hashCode())
    result = result.times(other = 31).plus(other = <this>.#amountRequested.hashCode())
    result = result.times(other = 31).plus(other = <this>.#tenorMonths.hashCode())
    result = result.times(other = 31).plus(other = when {
      EQEQ(arg0 = <this>.#purpose, arg1 = null) -> 0
      else -> <this>.#purpose.hashCode()
    })
    return result
  }

  override operator fun equals(other: Any?): Boolean {
    when {
      EQEQEQ(arg0 = <this>, arg1 = other) -> return true
    }
    when {
      other !is CreateLoanApplicationRequest -> return false
    }
    val tmp0_other_with_cast: CreateLoanApplicationRequest = other as CreateLoanApplicationRequest
    when {
      EQEQ(arg0 = <this>.#customer, arg1 = tmp0_other_with_cast.#customer).not() -> return false
    }
    when {
      EQEQ(arg0 = <this>.#branch, arg1 = tmp0_other_with_cast.#branch).not() -> return false
    }
    when {
      EQEQ(arg0 = <this>.#plafond, arg1 = tmp0_other_with_cast.#plafond).not() -> return false
    }
    when {
      EQEQ(arg0 = <this>.#amountRequested, arg1 = tmp0_other_with_cast.#amountRequested).not() -> return false
    }
    when {
      EQEQ(arg0 = <this>.#tenorMonths, arg1 = tmp0_other_with_cast.#tenorMonths).not() -> return false
    }
    when {
      EQEQ(arg0 = <this>.#purpose, arg1 = tmp0_other_with_cast.#purpose).not() -> return false
    }
    return true
  }

  /* static final field */ val $stable: Int = 8
  @JvmStatic
  internal /* static */ fun write$Self(self: CreateLoanApplicationRequest, output: CompositeEncoder, serialDesc: SerialDescriptor)

  internal constructor(seen0: Int, customer: IdRef?, branch: IdRef?, plafond: IdRef?, amountRequested: BigDecimal?, tenorMonths: Int, purpose: String?, serializationConstructorMarker: SerializationConstructorMarker?)

}

`
Details: kotlinx.serialization compiler plugin internal error: unable to transform declaration, see cause
	at org.jetbrains.kotlinx.serialization.compiler.extensions.SerializerClassLowering.lower(SerializationLoweringExtension.kt:233)
	at org.jetbrains.kotlinx.serialization.compiler.extensions.SerializationLoweringExtensionKt$runOnFileInOrder$1.visitClass(SerializationLoweringExtension.kt:46)
	at org.jetbrains.kotlin.ir.visitors.IrVisitorVoid.visitClass(IrVisitorVoid.kt:44)
	at org.jetbrains.kotlin.ir.visitors.IrVisitorVoid.visitClass(IrVisitorVoid.kt:18)
	at org.jetbrains.kotlin.ir.declarations.IrClass.accept(IrClass.kt:72)
	at org.jetbrains.kotlin.ir.declarations.IrPackageFragment.acceptChildren(IrPackageFragment.kt:27)
	at org.jetbrains.kotlin.ir.visitors.IrVisitorsKt.acceptChildrenVoid(IrVisitors.kt:23)
	at org.jetbrains.kotlinx.serialization.compiler.extensions.SerializationLoweringExtensionKt$runOnFileInOrder$1.visitElement(SerializationLoweringExtension.kt:42)
	at org.jetbrains.kotlin.ir.visitors.IrVisitorVoid.visitPackageFragment(IrVisitorVoid.kt:168)
	at org.jetbrains.kotlin.ir.visitors.IrVisitorVoid.visitFile(IrVisitorVoid.kt:184)
	at org.jetbrains.kotlin.ir.visitors.IrVisitorVoid.visitFile(IrVisitorVoid.kt:180)
	at org.jetbrains.kotlin.ir.visitors.IrVisitorVoid.visitFile(IrVisitorVoid.kt:18)
	at org.jetbrains.kotlin.ir.declarations.IrFile.accept(IrFile.kt:27)
	at org.jetbrains.kotlin.ir.visitors.IrVisitorsKt.acceptVoid(IrVisitors.kt:11)
	at org.jetbrains.kotlinx.serialization.compiler.extensions.SerializationLoweringExtensionKt.runOnFileInOrder(SerializationLoweringExtension.kt:40)
	at org.jetbrains.kotlinx.serialization.compiler.extensions.SerializationLoweringExtension.generate(SerializationLoweringExtension.kt:197)
	at org.jetbrains.kotlin.fir.pipeline.ConvertToIrKt.applyIrGenerationExtensions(convertToIr.kt:468)
	at org.jetbrains.kotlin.fir.pipeline.Fir2IrPipeline.runActualizationPipeline(convertToIr.kt:245)
	at org.jetbrains.kotlin.fir.pipeline.Fir2IrPipeline.convertToIrAndActualize(convertToIr.kt:128)
	at org.jetbrains.kotlin.fir.pipeline.ConvertToIrKt.convertToIrAndActualize(convertToIr.kt:97)
	at org.jetbrains.kotlin.fir.pipeline.ConvertToIrKt.convertToIrAndActualize$default(convertToIr.kt:72)
	at org.jetbrains.kotlin.cli.jvm.compiler.legacy.pipeline.JvmCompilerPipelineKt.convertToIrAndActualizeForJvm(jvmCompilerPipeline.kt:109)
	at org.jetbrains.kotlin.cli.pipeline.jvm.JvmFir2IrPipelinePhase.executePhase(JvmFir2IrPipelinePhase.kt:26)
	at org.jetbrains.kotlin.cli.pipeline.jvm.JvmFir2IrPipelinePhase.executePhase(JvmFir2IrPipelinePhase.kt:17)
	at org.jetbrains.kotlin.cli.pipeline.PipelinePhase.phaseBody(PipelinePhase.kt:68)
	at org.jetbrains.kotlin.cli.pipeline.PipelinePhase.phaseBody(PipelinePhase.kt:58)
	at org.jetbrains.kotlin.config.phaser.NamedCompilerPhase.invoke(CompilerPhase.kt:102)
	at org.jetbrains.kotlin.backend.common.phaser.CompositePhase.invoke(PhaseBuilders.kt:22)
	at org.jetbrains.kotlin.config.phaser.CompilerPhaseKt.invokeToplevel(CompilerPhase.kt:53)
	at org.jetbrains.kotlin.cli.pipeline.AbstractCliPipeline.runPhasedPipeline(AbstractCliPipeline.kt:109)
	at org.jetbrains.kotlin.cli.pipeline.AbstractCliPipeline.execute(AbstractCliPipeline.kt:68)
	at org.jetbrains.kotlin.cli.jvm.K2JVMCompiler.doExecutePhased(K2JVMCompiler.kt:78)
	at org.jetbrains.kotlin.cli.jvm.K2JVMCompiler.doExecutePhased(K2JVMCompiler.kt:44)
	at org.jetbrains.kotlin.cli.common.CLICompiler.execImpl(CLICompiler.kt:90)
	at org.jetbrains.kotlin.cli.common.CLICompiler.exec(CLICompiler.kt:352)
	at org.jetbrains.kotlin.incremental.IncrementalJvmCompilerRunnerBase.runCompiler(IncrementalJvmCompilerRunnerBase.kt:175)
	at org.jetbrains.kotlin.incremental.IncrementalJvmCompilerRunnerBase.runCompiler(IncrementalJvmCompilerRunnerBase.kt:38)
	at org.jetbrains.kotlin.incremental.IncrementalCompilerRunner.doCompile(IncrementalCompilerRunner.kt:504)
	at org.jetbrains.kotlin.incremental.IncrementalCompilerRunner.compileImpl(IncrementalCompilerRunner.kt:421)
	at org.jetbrains.kotlin.incremental.IncrementalCompilerRunner.tryCompileIncrementally$lambda$10$compile(IncrementalCompilerRunner.kt:254)
	at org.jetbrains.kotlin.incremental.IncrementalCompilerRunner.tryCompileIncrementally(IncrementalCompilerRunner.kt:272)
	at org.jetbrains.kotlin.incremental.IncrementalCompilerRunner.compile(IncrementalCompilerRunner.kt:124)
	at org.jetbrains.kotlin.daemon.CompileServiceImplBase.execIncrementalCompiler(CompileServiceImpl.kt:679)
	at org.jetbrains.kotlin.daemon.CompileServiceImplBase.access$execIncrementalCompiler(CompileServiceImpl.kt:93)
	at org.jetbrains.kotlin.daemon.CompileServiceImpl.compile(CompileServiceImpl.kt:1806)
	at java.base/jdk.internal.reflect.DirectMethodHandleAccessor.invoke(Unknown Source)
	at java.base/java.lang.reflect.Method.invoke(Unknown Source)
	at java.rmi/sun.rmi.server.UnicastServerRef.dispatch(Unknown Source)
	at java.rmi/sun.rmi.transport.Transport.serviceCall(Unknown Source)
	at java.rmi/sun.rmi.transport.tcp.TCPTransport.handleMessages(Unknown Source)
	at java.rmi/sun.rmi.transport.tcp.TCPTransport$ConnectionHandler.run0(Unknown Source)
	at java.rmi/sun.rmi.transport.tcp.TCPTransport$ConnectionHandler.run(Unknown Source)
	at java.base/java.util.concurrent.ThreadPoolExecutor.runWorker(Unknown Source)
	at java.base/java.util.concurrent.ThreadPoolExecutor$Worker.run(Unknown Source)
	at java.base/java.lang.Thread.run(Unknown Source)
Caused by: java.lang.IllegalStateException: Serializer for element of type java.math.BigDecimal has not been found
	at org.jetbrains.kotlinx.serialization.compiler.backend.ir.SerializerSearchUtilKt.findTypeSerializerOrContext(SerializerSearchUtil.kt:85)
	at org.jetbrains.kotlinx.serialization.compiler.backend.ir.SerializerSearchUtilKt.getIrSerialTypeInfo(SerializerSearchUtil.kt:64)
	at org.jetbrains.kotlinx.serialization.compiler.backend.ir.BaseIrGenerator.cacheableChildSerializerInstance(BaseIrGenerator.kt:477)
	at org.jetbrains.kotlinx.serialization.compiler.backend.ir.BaseIrGenerator.createCachedChildSerializers(BaseIrGenerator.kt:469)
	at org.jetbrains.kotlinx.serialization.compiler.backend.ir.SerializableIrGenerator.<init>(SerializableIrGenerator.kt:60)
	at org.jetbrains.kotlinx.serialization.compiler.backend.ir.SerializableIrGenerator$Companion.generate(SerializableIrGenerator.kt:405)
	at org.jetbrains.kotlinx.serialization.compiler.extensions.SerializerClassLowering.lower(SerializationLoweringExtension.kt:149)
	... 54 more


